started=2026-08-30T18:09:56-0400
cmd=/home/patrickli/Space/jaseci_env/jaseci_external_tools/.venv/bin/python -m lib.prefetch_exp.cli --manifest /home/patrickli/Space/jaseci_env/jaseci_external_tools/linked_list/selep_smoke/linked_list_smoke.yaml --jac-bin /home/patrickli/Space/jaseci/jac/zig-out/bin/jac
trace=/home/patrickli/Space/jaseci_env/jaseci_external_tools/linked_list/selep_smoke/trace.jsonl
=== Python prefetch policy sweep: linked_list ===
app_dir : /home/patrickli/Space/jaseci_env/jaseci_external_tools/linked_list/selep_smoke/app_copy
config  : /home/patrickli/Space/jaseci_env/jaseci_external_tools/linked_list/selep_smoke/app_copy/jac.toml
policies: none
limits  : 0
trials  : 1
db      : remote_ssh ssh=clarity2 remote_app_dir=/home/baichuan/jaseci_remote_apps/linked_list postgres=postgresql://jac:jac@clarity2.eecs.umich.edu:5432/jac_db
oracle  : mode=auto dir=/home/patrickli/Space/jaseci_env/jaseci_external_tools/linked_list/selep_smoke/app_copy/oracle_plans
markov  : mode=auto dir=/home/patrickli/Space/jaseci_env/jaseci_external_tools/linked_list/selep_smoke/app_copy/markov_models
coaccess: mode=auto dir=/home/patrickli/Space/jaseci_env/jaseci_external_tools/linked_list/selep_smoke/app_copy/coaccess_models threshold=0.05
pooled  : train_ns=10 trials=1 seed=42
co-pool : train_ns=10 trials=1 seed=42

auth    : user=user source=quick_run.sh live setup user

========================================
Case: policy=none prefetch_limit=0
========================================
** WARNING: connection is not using a post-quantum key exchange algorithm.
** This session may be vulnerable to "store now, decrypt later" attacks.
** The server may need to be upgraded. See https://openssh.com/pq.html
 Container postgres  Stopping
 Container postgres  Stopped
 Container postgres  Removing
 Container postgres  Removed
 Network linked_list_default  Removing
 Network linked_list_default  Removed
[dev] jac dev mode - using compiler source at /home/patrickli/Space/jaseci/jac
[INFO] Nothing to clean - no build artifact directories exist.
** WARNING: connection is not using a post-quantum key exchange algorithm.
** This session may be vulnerable to "store now, decrypt later" attacks.
** The server may need to be upgraded. See https://openssh.com/pq.html
** WARNING: connection is not using a post-quantum key exchange algorithm.
** This session may be vulnerable to "store now, decrypt later" attacks.
** The server may need to be upgraded. See https://openssh.com/pq.html
LinkedList setup_graph created 24 node(s)
Creating remote TTG Postgres indexes and analyzing planner stats
** WARNING: connection is not using a post-quantum key exchange algorithm.
** This session may be vulnerable to "store now, decrypt later" attacks.
** The server may need to be upgraded. See https://openssh.com/pq.html
NOTICE:  relation "idx_anchors_edge_src_type_order" already exists, skipping
NOTICE:  relation "idx_anchors_edge_dst_type_order" already exists, skipping
CREATE INDEX
CREATE INDEX
ANALYZE
  Trial 1: policy=none limit=0 432.620ms L1=0 L2=0 L3=28

========================================
Sweep complete
Results saved to: /home/patrickli/Space/jaseci_env/jaseci_external_tools/linked_list/selep_smoke/app_copy/sweep_prefetch_limit.csv
========================================
policy,walker,prefetch_limit,trial,e2e_ms,request_id,train_n,trial_count,pool_seed,coverage,accuracy,actual_ids,plan_ids,covered_ids,overfetch_ids,undercoverage_ids,topo_idx_ms,ttg_ms,prefetch_ms,walker_ms,l1_hit_rate,l1,l2,l3,miss,db_q,oracle_file,model_file
none,Traverse,0,1,432.62047902680933,6906dfa6-a3cf-4ef0-bf35-0646f3e45a01,,1,,,,,,,,,0.000,0.000,0.000,291.829,0.0,0,0,28,0,,,

returncode=0
