
=== jacord ===
=== Jacord Prefetch Limit Sweep ===
Limits: 0 500 1000 2000 4000 6000 8000 12000 20000 30000

========================================
Testing: prefetch_limit=0
========================================
=== Restarting docker compose ===
 Container mongodb Stopping 
 Container redis Stopping 
 Container mongodb Stopped 
 Container mongodb Removing 
 Container mongodb Removed 
 Container redis Stopped 
 Container redis Removing 
 Container redis Removed 
 Network jacord_default Removing 
 Network jacord_default Removed 
 Network jacord_default Creating 
 Network jacord_default Created 
 Container mongodb Creating 
 Container redis Creating 
 Container redis Created 
 Container mongodb Created 
 Container mongodb Starting 
 Container redis Starting 
 Container mongodb Started 
 Container redis Started 
=== Restoring MongoDB from dump ===
2026-08-01T04:41:27.801+0000	index: &idx.IndexDocument{Options:bson.M{"background":true, "name":"arch_type_1_type_1", "v":2}, Key:bson.D{bson.E{Key:"arch_type", Value:1}, bson.E{Key:"type", Value:1}}, PartialFilterExpression:bson.D(nil)}
2026-08-01T04:41:27.801+0000	index: &idx.IndexDocument{Options:bson.M{"background":true, "name":"updated_at_-1", "v":2}, Key:bson.D{bson.E{Key:"updated_at", Value:-1}}, PartialFilterExpression:bson.D(nil)}
2026-08-01T04:41:27.879+0000	22292 document(s) restored successfully. 0 document(s) failed to restore.
=== Clearing Redis ===
OK
=== Stopping any running jac server ===
=== E2E Timing (30 trials, server restarted each trial, prefetch_limit=0) ===

Traceback (most recent call last):
  File "<string>", line 1, in <module>
    import sys,json; print(json.load(sys.stdin)['data']['token'])
                           ~~~~~~~~~~~~~~~~~~~~~~~~~~~~^^^^^^^^^
TypeError: 'NoneType' object is not subscriptable
--- jacord teardown ---

=== linked_list ===
=== Prefetch Limit Sweep ===
List size  : 1000
Limits     : 0 250 500 750 1000 1250

========================================
Testing: prefetch_limit=0
========================================
=== Restarting docker compose ===
 Network linked_list_default Creating 
 Network linked_list_default Created 
 Volume linked_list_mongodb_data Creating 
 Volume linked_list_mongodb_data Created 
 Volume linked_list_redis_data Creating 
 Volume linked_list_redis_data Created 
 Container redis Creating 
 Container mongodb Creating 
 Container redis Created 
 Container mongodb Created 
 Container mongodb Starting 
 Container redis Starting 
 Container redis Started 
 Container mongodb Started 
=== Cleaning previous state ===

The following directories will be removed:

  data: /home/patrickli/Space/jaseci_env/jaseci_external_tools/linked_list/.jac/data

Continue? [y/N] ✔ Removed data: /home/patrickli/Space/jaseci_env/jaseci_external_tools/linked_list/.jac/data
✔ Clean completed successfully.
=== Clearing Redis ===
OK
=== Dropping MongoDB databases ===
=== Starting jac server (log: logs/jac_server_setup.log) ===
