✖ Error: /home/patrickli/Space/jaseci_env/jaseci_external_tools/littlex5/main.jac:3:1 'cl' placement markers were removed: placement is inferred (override via [placement.pins] in jac.toml; declare services in [scale.microservices.routes]). Run 'jac fix placement' to migrate this file.
    1 | """Little X - Entry point combining backend and frontend."""
    2 | 
    3 | cl {
      | ^^
    4 |     import from .frontend { app as ClientApp }
    5 | 
✖ Error: error[E0005]: Unexpected token '{'
  --> /home/patrickli/Space/jaseci_env/jaseci_external_tools/littlex5/main.jac:3:4
    1 | """Little X - Entry point combining backend and frontend."""
    2 | 
    3 | cl {
      |    ^
    4 |     import from .frontend { app as ClientApp }
    5 | 
✖ Error: error[E0005]: Unexpected token '}'
  --> /home/patrickli/Space/jaseci_env/jaseci_external_tools/littlex5/main.jac:9:1
    7 |         return <ClientApp/>;
    8 |     }
    9 | }
      | ^
   10 | 
