=== LittleX Prefetch Limit Sweep ===
Limits: 0 10000

========================================
Testing: prefetch_limit=0
========================================
=== Restarting docker compose ===
 Container redis Stopping 
 Container mongodb Stopping 
 Container mongodb Stopped 
 Container mongodb Removing 
 Container mongodb Removed 
 Container redis Stopped 
 Container redis Removing 
 Container redis Removed 
 Network littlex5_default Removing 
 Network littlex5_default Removed 
 Network littlex5_default Creating 
 Network littlex5_default Created 
 Container mongodb Creating 
 Container redis Creating 
 Container redis Created 
 Container mongodb Created 
 Container redis Starting 
 Container mongodb Starting 
 Container mongodb Started 
 Container redis Started 
=== Restoring MongoDB from dump ===
2026-06-30T05:16:13.754+0000	index: &idx.IndexDocument{Options:bson.M{"name":"identities.value_normalized_1", "sparse":true, "unique":true, "v":2}, Key:bson.D{bson.E{Key:"identities.value_normalized", Value:1}}, PartialFilterExpression:bson.D(nil)}
2026-06-30T05:16:13.754+0000	index: &idx.IndexDocument{Options:bson.M{"name":"status_1", "v":2}, Key:bson.D{bson.E{Key:"status", Value:1}}, PartialFilterExpression:bson.D(nil)}
2026-06-30T05:16:18.226+0000	2270008 document(s) restored successfully. 0 document(s) failed to restore.
=== Clearing Redis ===
OK
=== Stopping any running jac server ===
=== E2E Timing (10 trials per walker, server restarted each trial) ===
prefetch_limit=0  user=sim_user_3

--- Walker: load_feed ---
    Waiting for server...
  Trial 1: 4163.451ms  HTTP=200  resp=11492823bytes
    breakdown: topo=0.000ms ttg=0.000ms prefetch=0.000ms walker=2737.281ms
    hit rate: L1=97.6%  L1=10206 L2=0 L3=253 MISS=0
    Waiting for server...
  Trial 2: 4073.217ms  HTTP=200  resp=11492823bytes
    breakdown: topo=0.000ms ttg=0.000ms prefetch=0.000ms walker=2666.302ms
    hit rate: L1=97.6%  L1=10206 L2=0 L3=253 MISS=0
    Waiting for server...
  Trial 3: 4146.414ms  HTTP=200  resp=11492823bytes
    breakdown: topo=0.000ms ttg=0.000ms prefetch=0.000ms walker=2722.154ms
    hit rate: L1=97.6%  L1=10206 L2=0 L3=253 MISS=0

=== Done ===
Server logs: logs/
========================================
Testing: prefetch_limit=10000
========================================
=== Restarting docker compose ===
 Container mongodb Stopping 
 Container redis Stopping 
 Container mongodb Stopped 
 Container mongodb Removing 
 Container redis Stopped 
 Container redis Removing 
 Container redis Removed 
 Container mongodb Removed 
 Network littlex5_default Removing 
 Network littlex5_default Removed 
 Network littlex5_default Creating 
 Network littlex5_default Created 
 Container redis Creating 
 Container mongodb Creating 
 Container redis Created 
 Container mongodb Created 
 Container mongodb Starting 
 Container redis Starting 
 Container mongodb Started 
 Container redis Started 
=== Restoring MongoDB from dump ===
2026-06-30T05:17:34.991+0000	index: &idx.IndexDocument{Options:bson.M{"name":"identities.value_normalized_1", "sparse":true, "unique":true, "v":2}, Key:bson.D{bson.E{Key:"identities.value_normalized", Value:1}}, PartialFilterExpression:bson.D(nil)}
2026-06-30T05:17:34.991+0000	index: &idx.IndexDocument{Options:bson.M{"name":"status_1", "v":2}, Key:bson.D{bson.E{Key:"status", Value:1}}, PartialFilterExpression:bson.D(nil)}
2026-06-30T05:17:39.478+0000	2270008 document(s) restored successfully. 0 document(s) failed to restore.
=== Clearing Redis ===
OK
=== Stopping any running jac server ===
=== E2E Timing (10 trials per walker, server restarted each trial) ===
prefetch_limit=10000  user=sim_user_3

--- Walker: load_feed ---
    Waiting for server...
  Trial 1: 4295.987ms  HTTP=200  resp=11492823bytes
    breakdown: topo=2.794ms ttg=223.538ms prefetch=0.413ms walker=2486.704ms
    hit rate: L1=98.1%  L1=10306 L2=0 L3=203 MISS=0
    Waiting for server...
  Trial 2: 4243.147ms  HTTP=200  resp=11492823bytes
    breakdown: topo=2.613ms ttg=215.451ms prefetch=0.575ms walker=2451.244ms
    hit rate: L1=98.1%  L1=10306 L2=0 L3=203 MISS=0
    Waiting for server...
  Trial 3: 4219.570ms  HTTP=200  resp=11492823bytes
    breakdown: topo=2.650ms ttg=212.185ms prefetch=0.464ms walker=2443.804ms
    hit rate: L1=98.1%  L1=10306 L2=0 L3=203 MISS=0

=== Done ===
Server logs: logs/

========================================
Sweep complete!
Results saved to: sweep_prefetch_limit.csv
========================================
walker,prefetch_limit,trial,e2e_ms,topo_idx_ms,ttg_ms,prefetch_ms,walker_ms,l1_hit_rate,l1,l2,l3,miss
load_feed,0,1,4163.451,0.000,0.000,0.000,2737.281,97.6,10206,0,253,0
load_feed,0,2,4073.217,0.000,0.000,0.000,2666.302,97.6,10206,0,253,0
load_feed,0,3,4146.414,0.000,0.000,0.000,2722.154,97.6,10206,0,253,0
load_feed,10000,1,4295.987,2.794,223.538,0.413,2486.704,98.1,10306,0,203,0
load_feed,10000,2,4243.147,2.613,215.451,0.575,2451.244,98.1,10306,0,203,0
load_feed,10000,3,4219.570,2.650,212.185,0.464,2443.804,98.1,10306,0,203,0
