=== LittleX Prefetch Limit Sweep ===
Limits: 0 1000000

========================================
Testing: prefetch_limit=0
========================================
=== Restarting docker compose ===
 Container redis Stopping 
 Container mongodb Stopping 
 Container mongodb Stopped 
 Container mongodb Removing 
 Container redis Stopped 
 Container redis Removing 
 Container redis Removed 
 Container mongodb Removed 
 Network littlex5_default Removing 
 Network littlex5_default Removed 
 Network littlex5_default Creating 
 Network littlex5_default Created 
 Container redis Creating 
 Container mongodb Creating 
 Container redis Created 
 Container mongodb Created 
 Container redis Starting 
 Container mongodb Starting 
 Container redis Started 
 Container mongodb Started 
=== Restoring MongoDB from dump ===
2026-06-30T06:37:40.044+0000	index: &idx.IndexDocument{Options:bson.M{"background":true, "name":"arch_type_1_type_1", "v":2}, Key:bson.D{bson.E{Key:"arch_type", Value:1}, bson.E{Key:"type", Value:1}}, PartialFilterExpression:bson.D(nil)}
2026-06-30T06:37:40.044+0000	index: &idx.IndexDocument{Options:bson.M{"background":true, "name":"updated_at_-1", "v":2}, Key:bson.D{bson.E{Key:"updated_at", Value:-1}}, PartialFilterExpression:bson.D(nil)}
2026-06-30T06:37:44.556+0000	2270008 document(s) restored successfully. 0 document(s) failed to restore.
=== Clearing Redis ===
OK
=== Stopping any running jac server ===
=== E2E Timing (10 trials per walker, server restarted each trial) ===
prefetch_limit=0  user=sim_user_3

--- Walker: load_feed ---
    Waiting for server...
  Trial 1: 4139.519ms  HTTP=200  resp=11492823bytes
    breakdown: topo=0.000ms ttg=0.000ms prefetch=0.000ms walker=2714.766ms
    hit rate: L1=97.6%  L1=10206 L2=0 L3=253 MISS=0
    Waiting for server...
  Trial 2: 4076.713ms  HTTP=200  resp=11492823bytes
    breakdown: topo=0.000ms ttg=0.000ms prefetch=0.000ms walker=2652.863ms
    hit rate: L1=97.6%  L1=10206 L2=0 L3=253 MISS=0
    Waiting for server...
  Trial 3: 4117.546ms  HTTP=200  resp=11492823bytes
    breakdown: topo=0.000ms ttg=0.000ms prefetch=0.000ms walker=2690.040ms
    hit rate: L1=97.6%  L1=10206 L2=0 L3=253 MISS=0

=== Done ===
Server logs: logs/
========================================
Testing: prefetch_limit=1000000
========================================
=== Restarting docker compose ===
 Container redis Stopping 
 Container mongodb Stopping 
 Container mongodb Stopped 
 Container mongodb Removing 
 Container redis Stopped 
 Container redis Removing 
 Container redis Removed 
 Container mongodb Removed 
 Network littlex5_default Removing 
 Network littlex5_default Removed 
 Network littlex5_default Creating 
 Network littlex5_default Created 
 Container mongodb Creating 
 Container redis Creating 
 Container redis Created 
 Container mongodb Created 
 Container mongodb Starting 
 Container redis Starting 
 Container mongodb Started 
 Container redis Started 
=== Restoring MongoDB from dump ===
2026-06-30T06:39:01.027+0000	index: &idx.IndexDocument{Options:bson.M{"name":"status_1", "v":2}, Key:bson.D{bson.E{Key:"status", Value:1}}, PartialFilterExpression:bson.D(nil)}
2026-06-30T06:39:01.027+0000	index: &idx.IndexDocument{Options:bson.M{"name":"user_id_1", "unique":true, "v":2}, Key:bson.D{bson.E{Key:"user_id", Value:1}}, PartialFilterExpression:bson.D(nil)}
2026-06-30T06:39:05.489+0000	2270008 document(s) restored successfully. 0 document(s) failed to restore.
=== Clearing Redis ===
OK
=== Stopping any running jac server ===
=== E2E Timing (10 trials per walker, server restarted each trial) ===
prefetch_limit=1000000  user=sim_user_3

--- Walker: load_feed ---
    Waiting for server...
  Trial 1: 2975.858ms  HTTP=200  resp=11492823bytes
    breakdown: topo=2.690ms ttg=225.171ms prefetch=1.797ms walker=1314.860ms
    hit rate: L1=98.1%  L1=10306 L2=0 L3=203 MISS=0
    Waiting for server...
  Trial 2: 2979.450ms  HTTP=200  resp=11492823bytes
    breakdown: topo=2.653ms ttg=222.107ms prefetch=1.524ms walker=1311.302ms
    hit rate: L1=98.1%  L1=10306 L2=0 L3=203 MISS=0
    Waiting for server...
  Trial 3: 2967.224ms  HTTP=200  resp=11492823bytes
    breakdown: topo=2.646ms ttg=218.358ms prefetch=1.640ms walker=1308.689ms
    hit rate: L1=98.1%  L1=10306 L2=0 L3=203 MISS=0

=== Done ===
Server logs: logs/

========================================
Sweep complete!
Results saved to: sweep_prefetch_limit.csv
========================================
walker,prefetch_limit,trial,e2e_ms,topo_idx_ms,ttg_ms,prefetch_ms,walker_ms,l1_hit_rate,l1,l2,l3,miss
load_feed,0,1,4139.519,0.000,0.000,0.000,2714.766,97.6,10206,0,253,0
load_feed,0,2,4076.713,0.000,0.000,0.000,2652.863,97.6,10206,0,253,0
load_feed,0,3,4117.546,0.000,0.000,0.000,2690.040,97.6,10206,0,253,0
load_feed,1000000,1,2975.858,2.690,225.171,1.797,1314.860,98.1,10306,0,203,0
load_feed,1000000,2,2979.450,2.653,222.107,1.524,1311.302,98.1,10306,0,203,0
load_feed,1000000,3,2967.224,2.646,218.358,1.640,1308.689,98.1,10306,0,203,0
