=== LittleX Prefetch Limit Sweep ===
Limits: 0 2500 5000 7500 10000 12500

========================================
Testing: prefetch_limit=0
========================================
=== Restarting docker compose ===
 Container mongodb Stopping 
 Container redis Stopping 
 Container mongodb Stopped 
 Container mongodb Removing 
 Container redis Stopped 
 Container redis Removing 
 Container redis Removed 
 Container mongodb Removed 
 Network littlex5_default Removing 
 Network littlex5_default Removed 
 Network littlex5_default Creating 
 Network littlex5_default Created 
 Container redis Creating 
 Container mongodb Creating 
 Container redis Created 
 Container mongodb Created 
 Container redis Starting 
 Container mongodb Starting 
 Container redis Started 
 Container mongodb Started 
=== Restoring MongoDB from dump ===
2026-06-30T18:23:30.708+0000	index: &idx.IndexDocument{Options:bson.M{"background":true, "name":"arch_type_1_type_1", "v":2}, Key:bson.D{bson.E{Key:"arch_type", Value:1}, bson.E{Key:"type", Value:1}}, PartialFilterExpression:bson.D(nil)}
2026-06-30T18:23:30.708+0000	index: &idx.IndexDocument{Options:bson.M{"background":true, "name":"updated_at_-1", "v":2}, Key:bson.D{bson.E{Key:"updated_at", Value:-1}}, PartialFilterExpression:bson.D(nil)}
2026-06-30T18:23:35.211+0000	2270008 document(s) restored successfully. 0 document(s) failed to restore.
=== Clearing Redis ===
OK
=== Stopping any running jac server ===
=== E2E Timing (10 trials per walker, server restarted each trial) ===
prefetch_limit=0  user=sim_user_3

--- Walker: load_feed ---
    Waiting for server...
  Trial 1: 7429.078ms  HTTP=200  resp=11492823bytes
    breakdown: topo=0.000ms ttg=0.000ms prefetch=0.000ms walker=5970.691ms
    hit rate: L1=97.6%  L1=10206 L2=0 L3=253 MISS=0
    Waiting for server...
  Trial 2: 7331.798ms  HTTP=200  resp=11492823bytes
    breakdown: topo=0.000ms ttg=0.000ms prefetch=0.000ms walker=5868.760ms
    hit rate: L1=97.6%  L1=10206 L2=0 L3=253 MISS=0
    Waiting for server...
  Trial 3: 7341.410ms  HTTP=200  resp=11492823bytes
    breakdown: topo=0.000ms ttg=0.000ms prefetch=0.000ms walker=5878.897ms
    hit rate: L1=97.6%  L1=10206 L2=0 L3=253 MISS=0

=== Done ===
Server logs: logs/
========================================
Testing: prefetch_limit=2500
========================================
=== Restarting docker compose ===
 Container mongodb Stopping 
 Container redis Stopping 
 Container mongodb Stopped 
 Container mongodb Removing 
 Container redis Stopped 
 Container redis Removing 
 Container redis Removed 
 Container mongodb Removed 
 Network littlex5_default Removing 
 Network littlex5_default Removed 
 Network littlex5_default Creating 
 Network littlex5_default Created 
 Container mongodb Creating 
 Container redis Creating 
 Container redis Created 
 Container mongodb Created 
 Container redis Starting 
 Container mongodb Starting 
 Container mongodb Started 
 Container redis Started 
=== Restoring MongoDB from dump ===
2026-06-30T18:25:01.558+0000	index: &idx.IndexDocument{Options:bson.M{"background":true, "name":"arch_type_1_type_1", "v":2}, Key:bson.D{bson.E{Key:"arch_type", Value:1}, bson.E{Key:"type", Value:1}}, PartialFilterExpression:bson.D(nil)}
2026-06-30T18:25:01.558+0000	index: &idx.IndexDocument{Options:bson.M{"background":true, "name":"updated_at_-1", "v":2}, Key:bson.D{bson.E{Key:"updated_at", Value:-1}}, PartialFilterExpression:bson.D(nil)}
2026-06-30T18:25:06.106+0000	2270008 document(s) restored successfully. 0 document(s) failed to restore.
=== Clearing Redis ===
OK
=== Stopping any running jac server ===
=== E2E Timing (10 trials per walker, server restarted each trial) ===
prefetch_limit=2500  user=sim_user_3

--- Walker: load_feed ---
    Waiting for server...
  Trial 1: 7136.897ms  HTTP=200  resp=11492823bytes
    breakdown: topo=6.302ms ttg=398.975ms prefetch=2.187ms walker=5228.481ms
    hit rate: L1=100.0%  L1=10506 L2=0 L3=3 MISS=0
    Waiting for server...
  Trial 2: 7038.131ms  HTTP=200  resp=11492823bytes
    breakdown: topo=6.184ms ttg=365.013ms prefetch=2.497ms walker=5149.181ms
    hit rate: L1=99.9%  L1=10498 L2=8 L3=3 MISS=0
    Waiting for server...
  Trial 3: 7050.682ms  HTTP=200  resp=11492823bytes
    breakdown: topo=6.195ms ttg=372.518ms prefetch=2.685ms walker=5163.712ms
    hit rate: L1=100.0%  L1=10506 L2=0 L3=3 MISS=0

=== Done ===
Server logs: logs/
========================================
Testing: prefetch_limit=5000
========================================
=== Restarting docker compose ===
 Container mongodb Stopping 
 Container redis Stopping 
 Container mongodb Stopped 
 Container mongodb Removing 
 Container redis Stopped 
 Container redis Removing 
 Container redis Removed 
 Container mongodb Removed 
 Network littlex5_default Removing 
 Network littlex5_default Removed 
 Network littlex5_default Creating 
 Network littlex5_default Created 
 Container mongodb Creating 
 Container redis Creating 
 Container redis Created 
 Container mongodb Created 
 Container mongodb Starting 
 Container redis Starting 
 Container mongodb Started 
 Container redis Started 
=== Restoring MongoDB from dump ===
2026-06-30T18:26:31.835+0000	index: &idx.IndexDocument{Options:bson.M{"name":"identities.value_normalized_1", "sparse":true, "unique":true, "v":2}, Key:bson.D{bson.E{Key:"identities.value_normalized", Value:1}}, PartialFilterExpression:bson.D(nil)}
2026-06-30T18:26:31.835+0000	index: &idx.IndexDocument{Options:bson.M{"name":"status_1", "v":2}, Key:bson.D{bson.E{Key:"status", Value:1}}, PartialFilterExpression:bson.D(nil)}
2026-06-30T18:26:36.386+0000	2270008 document(s) restored successfully. 0 document(s) failed to restore.
=== Clearing Redis ===
OK
=== Stopping any running jac server ===
=== E2E Timing (10 trials per walker, server restarted each trial) ===
prefetch_limit=5000  user=sim_user_3

--- Walker: load_feed ---
    Waiting for server...
  Trial 1: 6804.022ms  HTTP=200  resp=11492823bytes
    breakdown: topo=6.094ms ttg=384.206ms prefetch=1.580ms walker=4910.987ms
    hit rate: L1=98.3%  L1=10326 L2=0 L3=183 MISS=0
    Waiting for server...
  Trial 2: 6969.706ms  HTTP=200  resp=11492823bytes
    breakdown: topo=6.139ms ttg=380.833ms prefetch=1.914ms walker=4948.469ms
    hit rate: L1=98.5%  L1=10351 L2=0 L3=158 MISS=0
    Waiting for server...
  Trial 3: 6822.032ms  HTTP=200  resp=11492823bytes
    breakdown: topo=6.315ms ttg=384.969ms prefetch=2.093ms walker=4916.274ms
    hit rate: L1=98.5%  L1=10355 L2=0 L3=154 MISS=0

=== Done ===
Server logs: logs/
========================================
Testing: prefetch_limit=7500
========================================
=== Restarting docker compose ===
 Container mongodb Stopping 
 Container redis Stopping 
 Container redis Stopped 
 Container redis Removing 
 Container redis Removed 
 Container mongodb Stopped 
 Container mongodb Removing 
 Container mongodb Removed 
 Network littlex5_default Removing 
 Network littlex5_default Removed 
 Network littlex5_default Creating 
 Network littlex5_default Created 
 Container mongodb Creating 
 Container redis Creating 
 Container redis Created 
 Container mongodb Created 
 Container redis Starting 
 Container mongodb Starting 
 Container mongodb Started 
 Container redis Started 
=== Restoring MongoDB from dump ===
2026-06-30T18:28:00.751+0000	index: &idx.IndexDocument{Options:bson.M{"name":"status_1", "v":2}, Key:bson.D{bson.E{Key:"status", Value:1}}, PartialFilterExpression:bson.D(nil)}
2026-06-30T18:28:00.751+0000	no indexes to restore for collection jac_db._migrations
2026-06-30T18:28:05.235+0000	2270008 document(s) restored successfully. 0 document(s) failed to restore.
=== Clearing Redis ===
OK
=== Stopping any running jac server ===
=== E2E Timing (10 trials per walker, server restarted each trial) ===
prefetch_limit=7500  user=sim_user_3

--- Walker: load_feed ---
    Waiting for server...
  Trial 1: 6636.241ms  HTTP=200  resp=11492823bytes
    breakdown: topo=6.119ms ttg=395.092ms prefetch=2.467ms walker=4588.076ms
    hit rate: L1=98.1%  L1=10314 L2=0 L3=195 MISS=0
    Waiting for server...
  Trial 2: 6467.251ms  HTTP=200  resp=11492823bytes
    breakdown: topo=6.191ms ttg=380.834ms prefetch=2.408ms walker=4560.264ms
    hit rate: L1=98.3%  L1=10331 L2=0 L3=178 MISS=0
    Waiting for server...
  Trial 3: 6486.191ms  HTTP=200  resp=11492823bytes
    breakdown: topo=6.164ms ttg=386.621ms prefetch=2.373ms walker=4576.946ms
    hit rate: L1=98.2%  L1=10322 L2=0 L3=187 MISS=0

=== Done ===
Server logs: logs/
========================================
Testing: prefetch_limit=10000
========================================
=== Restarting docker compose ===
 Container mongodb Stopping 
 Container redis Stopping 
 Container mongodb Stopped 
 Container mongodb Removing 
 Container redis Stopped 
 Container redis Removing 
 Container redis Removed 
 Container mongodb Removed 
 Network littlex5_default Removing 
 Network littlex5_default Removed 
 Network littlex5_default Creating 
 Network littlex5_default Created 
 Container mongodb Creating 
 Container redis Creating 
 Container redis Created 
 Container mongodb Created 
 Container mongodb Starting 
 Container redis Starting 
 Container mongodb Started 
 Container redis Started 
=== Restoring MongoDB from dump ===
2026-06-30T18:29:28.982+0000	index: &idx.IndexDocument{Options:bson.M{"name":"status_1", "v":2}, Key:bson.D{bson.E{Key:"status", Value:1}}, PartialFilterExpression:bson.D(nil)}
2026-06-30T18:29:28.982+0000	no indexes to restore for collection jac_db._migrations
2026-06-30T18:29:33.485+0000	2270008 document(s) restored successfully. 0 document(s) failed to restore.
=== Clearing Redis ===
OK
=== Stopping any running jac server ===
=== E2E Timing (10 trials per walker, server restarted each trial) ===
prefetch_limit=10000  user=sim_user_3

--- Walker: load_feed ---
    Waiting for server...
  Trial 1: 6216.894ms  HTTP=200  resp=11492823bytes
    breakdown: topo=6.392ms ttg=394.728ms prefetch=1.755ms walker=4288.209ms
    hit rate: L1=98.1%  L1=10313 L2=0 L3=196 MISS=0
    Waiting for server...
  Trial 2: 6160.642ms  HTTP=200  resp=11492823bytes
    breakdown: topo=6.129ms ttg=388.705ms prefetch=2.429ms walker=4251.850ms
    hit rate: L1=98.1%  L1=10314 L2=0 L3=195 MISS=0
    Waiting for server...
  Trial 3: 6147.881ms  HTTP=200  resp=11492823bytes
    breakdown: topo=6.217ms ttg=385.954ms prefetch=2.294ms walker=4244.999ms
    hit rate: L1=98.1%  L1=10311 L2=0 L3=198 MISS=0

=== Done ===
Server logs: logs/
========================================
Testing: prefetch_limit=12500
========================================
=== Restarting docker compose ===
 Container mongodb Stopping 
 Container redis Stopping 
 Container mongodb Stopped 
 Container mongodb Removing 
 Container redis Stopped 
 Container redis Removing 
 Container redis Removed 
 Container mongodb Removed 
 Network littlex5_default Removing 
 Network littlex5_default Removed 
 Network littlex5_default Creating 
 Network littlex5_default Created 
 Container mongodb Creating 
 Container redis Creating 
 Container redis Created 
 Container mongodb Created 
 Container mongodb Starting 
 Container redis Starting 
 Container mongodb Started 
 Container redis Started 
=== Restoring MongoDB from dump ===
2026-06-30T18:30:56.264+0000	index: &idx.IndexDocument{Options:bson.M{"background":true, "name":"arch_type_1_type_1", "v":2}, Key:bson.D{bson.E{Key:"arch_type", Value:1}, bson.E{Key:"type", Value:1}}, PartialFilterExpression:bson.D(nil)}
2026-06-30T18:30:56.264+0000	index: &idx.IndexDocument{Options:bson.M{"background":true, "name":"updated_at_-1", "v":2}, Key:bson.D{bson.E{Key:"updated_at", Value:-1}}, PartialFilterExpression:bson.D(nil)}
2026-06-30T18:31:00.819+0000	2270008 document(s) restored successfully. 0 document(s) failed to restore.
=== Clearing Redis ===
OK
=== Stopping any running jac server ===
=== E2E Timing (10 trials per walker, server restarted each trial) ===
prefetch_limit=12500  user=sim_user_3

--- Walker: load_feed ---
    Waiting for server...
  Trial 1: 6205.804ms  HTTP=200  resp=11492823bytes
    breakdown: topo=6.146ms ttg=454.592ms prefetch=2.181ms walker=4226.830ms
    hit rate: L1=98.1%  L1=10310 L2=0 L3=199 MISS=0
    Waiting for server...
  Trial 2: 6173.762ms  HTTP=200  resp=11492823bytes
    breakdown: topo=6.392ms ttg=462.127ms prefetch=2.444ms walker=4186.770ms
    hit rate: L1=98.2%  L1=10315 L2=0 L3=194 MISS=0
    Waiting for server...
  Trial 3: 6176.765ms  HTTP=200  resp=11492823bytes
    breakdown: topo=6.331ms ttg=464.215ms prefetch=2.442ms walker=4186.783ms
    hit rate: L1=98.2%  L1=10315 L2=0 L3=194 MISS=0

=== Done ===
Server logs: logs/

========================================
Sweep complete!
Results saved to: sweep_prefetch_limit.csv
========================================
walker,prefetch_limit,trial,e2e_ms,topo_idx_ms,ttg_ms,prefetch_ms,walker_ms,l1_hit_rate,l1,l2,l3,miss,mongo_q
load_feed,0,1,7429.078,0.000,0.000,0.000,5970.691,97.6,10206,0,253,0,
load_feed,0,2,7331.798,0.000,0.000,0.000,5868.760,97.6,10206,0,253,0,
load_feed,0,3,7341.410,0.000,0.000,0.000,5878.897,97.6,10206,0,253,0,
load_feed,2500,1,7136.897,6.302,398.975,2.187,5228.481,100.0,10506,0,3,0,
load_feed,2500,2,7038.131,6.184,365.013,2.497,5149.181,99.9,10498,8,3,0,
load_feed,2500,3,7050.682,6.195,372.518,2.685,5163.712,100.0,10506,0,3,0,
load_feed,5000,1,6804.022,6.094,384.206,1.580,4910.987,98.3,10326,0,183,0,
load_feed,5000,2,6969.706,6.139,380.833,1.914,4948.469,98.5,10351,0,158,0,
load_feed,5000,3,6822.032,6.315,384.969,2.093,4916.274,98.5,10355,0,154,0,
load_feed,7500,1,6636.241,6.119,395.092,2.467,4588.076,98.1,10314,0,195,0,
load_feed,7500,2,6467.251,6.191,380.834,2.408,4560.264,98.3,10331,0,178,0,
load_feed,7500,3,6486.191,6.164,386.621,2.373,4576.946,98.2,10322,0,187,0,
load_feed,10000,1,6216.894,6.392,394.728,1.755,4288.209,98.1,10313,0,196,0,
load_feed,10000,2,6160.642,6.129,388.705,2.429,4251.850,98.1,10314,0,195,0,
load_feed,10000,3,6147.881,6.217,385.954,2.294,4244.999,98.1,10311,0,198,0,
load_feed,12500,1,6205.804,6.146,454.592,2.181,4226.830,98.1,10310,0,199,0,
load_feed,12500,2,6173.762,6.392,462.127,2.444,4186.770,98.2,10315,0,194,0,
load_feed,12500,3,6176.765,6.331,464.215,2.442,4186.783,98.2,10315,0,194,0,
