=== LittleX Prefetch Limit Sweep ===
Limits: 0 2500 5000 7500 10000

========================================
Testing: prefetch_limit=0
========================================
=== Restarting docker compose ===
 Container redis Stopping 
 Container mongodb Stopping 
 Container mongodb Stopped 
 Container mongodb Removing 
 Container redis Stopped 
 Container redis Removing 
 Container redis Removed 
 Container mongodb Removed 
 Network littlex5_default Removing 
 Network littlex5_default Removed 
 Network littlex5_default Creating 
 Network littlex5_default Created 
 Container redis Creating 
 Container mongodb Creating 
 Container redis Created 
 Container mongodb Created 
 Container redis Starting 
 Container mongodb Starting 
 Container redis Started 
 Container mongodb Started 
=== Restoring MongoDB from dump ===
2026-06-29T17:51:08.474+0000	index: &idx.IndexDocument{Options:bson.M{"name":"identities.value_normalized_1", "sparse":true, "unique":true, "v":2}, Key:bson.D{bson.E{Key:"identities.value_normalized", Value:1}}, PartialFilterExpression:bson.D(nil)}
2026-06-29T17:51:08.474+0000	index: &idx.IndexDocument{Options:bson.M{"name":"status_1", "v":2}, Key:bson.D{bson.E{Key:"status", Value:1}}, PartialFilterExpression:bson.D(nil)}
2026-06-29T17:51:13.057+0000	2270008 document(s) restored successfully. 0 document(s) failed to restore.
=== Clearing Redis ===
OK
=== Stopping any running jac server ===
=== E2E Timing (10 trials per walker, server restarted each trial) ===
prefetch_limit=0  user=sim_user_3

--- Walker: load_feed ---
    Waiting for server...
  Trial 1: 37.556ms  HTTP=500  resp=66bytes
    Waiting for server...
  Trial 2: 149.469ms  HTTP=500  resp=66bytes
    Waiting for server...
  Trial 3: 144.687ms  HTTP=500  resp=66bytes

=== Done ===
Server logs: logs/
========================================
Testing: prefetch_limit=2500
========================================
=== Restarting docker compose ===
 Container redis Stopping 
 Container mongodb Stopping 
 Container mongodb Stopped 
 Container mongodb Removing 
 Container redis Stopped 
 Container redis Removing 
 Container redis Removed 
 Container mongodb Removed 
 Network littlex5_default Removing 
 Network littlex5_default Removed 
 Network littlex5_default Creating 
 Network littlex5_default Created 
 Container redis Creating 
 Container mongodb Creating 
 Container redis Created 
 Container mongodb Created 
 Container mongodb Starting 
 Container redis Starting 
 Container redis Started 
 Container mongodb Started 
=== Restoring MongoDB from dump ===
2026-06-29T17:52:19.898+0000	index: &idx.IndexDocument{Options:bson.M{"background":true, "name":"arch_type_1_type_1", "v":2}, Key:bson.D{bson.E{Key:"arch_type", Value:1}, bson.E{Key:"type", Value:1}}, PartialFilterExpression:bson.D(nil)}
2026-06-29T17:52:19.898+0000	index: &idx.IndexDocument{Options:bson.M{"background":true, "name":"updated_at_-1", "v":2}, Key:bson.D{bson.E{Key:"updated_at", Value:-1}}, PartialFilterExpression:bson.D(nil)}
2026-06-29T17:52:24.424+0000	2270008 document(s) restored successfully. 0 document(s) failed to restore.
=== Clearing Redis ===
OK
=== Stopping any running jac server ===
=== E2E Timing (10 trials per walker, server restarted each trial) ===
prefetch_limit=2500  user=sim_user_3

--- Walker: load_feed ---
    Waiting for server...
  Trial 1: 159.038ms  HTTP=500  resp=66bytes
    Waiting for server...
  Trial 2: 140.158ms  HTTP=500  resp=66bytes
    Waiting for server...
  Trial 3: 140.078ms  HTTP=500  resp=66bytes

=== Done ===
Server logs: logs/
========================================
Testing: prefetch_limit=5000
========================================
=== Restarting docker compose ===
 Container redis Stopping 
 Container mongodb Stopping 
 Container mongodb Stopped 
 Container mongodb Removing 
 Container redis Stopped 
 Container redis Removing 
 Container redis Removed 
 Container mongodb Removed 
 Network littlex5_default Removing 
 Network littlex5_default Removed 
 Network littlex5_default Creating 
 Network littlex5_default Created 
 Container redis Creating 
 Container mongodb Creating 
 Container redis Created 
 Container mongodb Created 
 Container mongodb Starting 
 Container redis Starting 
 Container redis Started 
 Container mongodb Started 
=== Restoring MongoDB from dump ===
2026-06-29T17:53:28.814+0000	index: &idx.IndexDocument{Options:bson.M{"name":"user_id_1", "unique":true, "v":2}, Key:bson.D{bson.E{Key:"user_id", Value:1}}, PartialFilterExpression:bson.D(nil)}
2026-06-29T17:53:28.814+0000	no indexes to restore for collection jac_db._migrations
2026-06-29T17:53:33.296+0000	2270008 document(s) restored successfully. 0 document(s) failed to restore.
=== Clearing Redis ===
OK
=== Stopping any running jac server ===
=== E2E Timing (10 trials per walker, server restarted each trial) ===
prefetch_limit=5000  user=sim_user_3

--- Walker: load_feed ---
    Waiting for server...
  Trial 1: 146.359ms  HTTP=500  resp=66bytes
    Waiting for server...
  Trial 2: 144.218ms  HTTP=500  resp=66bytes
    Waiting for server...
  Trial 3: 146.482ms  HTTP=500  resp=66bytes

=== Done ===
Server logs: logs/
========================================
Testing: prefetch_limit=7500
========================================
=== Restarting docker compose ===
 Container redis Stopping 
 Container mongodb Stopping 
 Container mongodb Stopped 
 Container mongodb Removing 
 Container redis Stopped 
 Container redis Removing 
 Container redis Removed 
 Container mongodb Removed 
 Network littlex5_default Removing 
 Network littlex5_default Removed 
 Network littlex5_default Creating 
 Network littlex5_default Created 
 Container redis Creating 
 Container mongodb Creating 
 Container redis Created 
 Container mongodb Created 
 Container mongodb Starting 
 Container redis Starting 
 Container mongodb Started 
 Container redis Started 
=== Restoring MongoDB from dump ===
2026-06-29T17:54:38.185+0000	index: &idx.IndexDocument{Options:bson.M{"background":true, "name":"arch_type_1_type_1", "v":2}, Key:bson.D{bson.E{Key:"arch_type", Value:1}, bson.E{Key:"type", Value:1}}, PartialFilterExpression:bson.D(nil)}
2026-06-29T17:54:38.185+0000	index: &idx.IndexDocument{Options:bson.M{"background":true, "name":"updated_at_-1", "v":2}, Key:bson.D{bson.E{Key:"updated_at", Value:-1}}, PartialFilterExpression:bson.D(nil)}
2026-06-29T17:54:42.671+0000	2270008 document(s) restored successfully. 0 document(s) failed to restore.
=== Clearing Redis ===
OK
=== Stopping any running jac server ===
=== E2E Timing (10 trials per walker, server restarted each trial) ===
prefetch_limit=7500  user=sim_user_3

--- Walker: load_feed ---
    Waiting for server...
  Trial 1: 145.561ms  HTTP=500  resp=66bytes
    Waiting for server...
  Trial 2: 146.776ms  HTTP=500  resp=66bytes
    Waiting for server...
  Trial 3: 147.357ms  HTTP=500  resp=66bytes

=== Done ===
Server logs: logs/
========================================
Testing: prefetch_limit=10000
========================================
=== Restarting docker compose ===
 Container mongodb Stopping 
 Container redis Stopping 
 Container redis Stopped 
 Container redis Removing 
 Container redis Removed 
 Container mongodb Stopped 
 Container mongodb Removing 
 Container mongodb Removed 
 Network littlex5_default Removing 
 Network littlex5_default Removed 
 Network littlex5_default Creating 
 Network littlex5_default Created 
 Container redis Creating 
 Container mongodb Creating 
 Container redis Created 
 Container mongodb Created 
 Container redis Starting 
 Container mongodb Starting 
 Container redis Started 
 Container mongodb Started 
=== Restoring MongoDB from dump ===
2026-06-29T17:55:49.292+0000	index: &idx.IndexDocument{Options:bson.M{"background":true, "name":"arch_type_1_type_1", "v":2}, Key:bson.D{bson.E{Key:"arch_type", Value:1}, bson.E{Key:"type", Value:1}}, PartialFilterExpression:bson.D(nil)}
2026-06-29T17:55:49.292+0000	index: &idx.IndexDocument{Options:bson.M{"background":true, "name":"updated_at_-1", "v":2}, Key:bson.D{bson.E{Key:"updated_at", Value:-1}}, PartialFilterExpression:bson.D(nil)}
2026-06-29T17:55:53.754+0000	2270008 document(s) restored successfully. 0 document(s) failed to restore.
=== Clearing Redis ===
OK
=== Stopping any running jac server ===
=== E2E Timing (10 trials per walker, server restarted each trial) ===
prefetch_limit=10000  user=sim_user_3

--- Walker: load_feed ---
    Waiting for server...
  Trial 1: 143.133ms  HTTP=500  resp=66bytes
    Waiting for server...
  Trial 2: 143.243ms  HTTP=500  resp=66bytes
    Waiting for server...
  Trial 3: 138.593ms  HTTP=500  resp=66bytes

=== Done ===
Server logs: logs/

========================================
Sweep complete!
Results saved to: sweep_prefetch_limit.csv
========================================
walker,prefetch_limit,trial,e2e_ms,topo_idx_ms,ttg_ms,prefetch_ms,walker_ms
load_feed,0,1,37.556,,,,
load_feed,0,2,149.469,,,,
load_feed,0,3,144.687,,,,
load_feed,2500,1,159.038,,,,
load_feed,2500,2,140.158,,,,
load_feed,2500,3,140.078,,,,
load_feed,5000,1,146.359,,,,
load_feed,5000,2,144.218,,,,
load_feed,5000,3,146.482,,,,
load_feed,7500,1,145.561,,,,
load_feed,7500,2,146.776,,,,
load_feed,7500,3,147.357,,,,
load_feed,10000,1,143.133,,,,
load_feed,10000,2,143.243,,,,
load_feed,10000,3,138.593,,,,
