=== LittleX Prefetch Limit Sweep ===
Limits: 0 1000000

========================================
Testing: prefetch_limit=0
========================================
=== Restarting docker compose ===
 Container redis Stopping 
 Container mongodb Stopping 
 Container redis Stopped 
 Container redis Removing 
 Container redis Removed 
 Container mongodb Stopped 
 Container mongodb Removing 
 Container mongodb Removed 
 Network littlex5_default Removing 
 Network littlex5_default Removed 
 Network littlex5_default Creating 
 Network littlex5_default Created 
 Container redis Creating 
 Container mongodb Creating 
 Container redis Created 
 Container mongodb Created 
 Container redis Starting 
 Container mongodb Starting 
 Container mongodb Started 
 Container redis Started 
=== Restoring MongoDB from dump ===
2026-06-30T06:10:17.855+0000	index: &idx.IndexDocument{Options:bson.M{"background":true, "name":"arch_type_1_type_1", "v":2}, Key:bson.D{bson.E{Key:"arch_type", Value:1}, bson.E{Key:"type", Value:1}}, PartialFilterExpression:bson.D(nil)}
2026-06-30T06:10:17.855+0000	index: &idx.IndexDocument{Options:bson.M{"background":true, "name":"updated_at_-1", "v":2}, Key:bson.D{bson.E{Key:"updated_at", Value:-1}}, PartialFilterExpression:bson.D(nil)}
2026-06-30T06:10:17.856+0000	2270008 document(s) restored successfully. 0 document(s) failed to restore.
=== Clearing Redis ===
OK
=== Stopping any running jac server ===
=== E2E Timing (10 trials per walker, server restarted each trial) ===
prefetch_limit=1000000  user=sim_user_3

--- Walker: load_feed ---
    Waiting for server...
