=== LittleX Prefetch Limit Sweep ===
Limits: 0 1000000

========================================
Testing: prefetch_limit=0
========================================
=== Restarting docker compose ===
 Container redis Stopping 
 Container mongodb Stopping 
 Container mongodb Stopped 
 Container mongodb Removing 
 Container redis Stopped 
 Container redis Removing 
 Container redis Removed 
 Container mongodb Removed 
 Network littlex5_default Removing 
 Network littlex5_default Removed 
 Network littlex5_default Creating 
 Network littlex5_default Created 
 Container mongodb Creating 
 Container redis Creating 
 Container redis Created 
 Container mongodb Created 
 Container mongodb Starting 
 Container redis Starting 
 Container mongodb Started 
 Container redis Started 
=== Restoring MongoDB from dump ===
2026-06-30T06:25:55.380+0000	finished restoring jac_db._anchors (1794000 documents, 0 failures)
2026-06-30T06:25:55.380+0000	Failed: jac_db._anchors: error restoring from archive '/tmp/jac_db.dump': (InterruptedAtShutdown) interrupted at shutdown
2026-06-30T06:25:55.380+0000	1794000 document(s) restored successfully. 0 document(s) failed to restore.
=== Clearing Redis ===
Could not connect to Redis at 127.0.0.1:6379: Connection refused
=== Stopping any running jac server ===
=== E2E Timing (10 trials per walker, server restarted each trial) ===
prefetch_limit=0  user=sim_user_3

--- Walker: load_feed ---
    Waiting for server...
