=== LittleX Prefetch Limit Sweep ===
Limits: 0 1000000

========================================
Testing: prefetch_limit=0
========================================
=== Restarting docker compose ===
 Container mongodb Stopping 
 Container redis Stopping 
 Container mongodb Stopped 
 Container mongodb Removing 
 Container redis Stopped 
 Container redis Removing 
 Container redis Removed 
 Container mongodb Removed 
 Network littlex5_default Removing 
 Network littlex5_default Removed 
 Network littlex5_default Creating 
 Network littlex5_default Created 
 Container redis Creating 
 Container mongodb Creating 
 Container redis Created 
 Container mongodb Created 
 Container redis Starting 
 Container mongodb Starting 
 Container redis Started 
 Container mongodb Started 
=== Restoring MongoDB from dump ===
2026-06-30T06:04:24.075+0000	index: &idx.IndexDocument{Options:bson.M{"name":"identities.value_normalized_1", "sparse":true, "unique":true, "v":2}, Key:bson.D{bson.E{Key:"identities.value_normalized", Value:1}}, PartialFilterExpression:bson.D(nil)}
2026-06-30T06:04:24.075+0000	index: &idx.IndexDocument{Options:bson.M{"name":"status_1", "v":2}, Key:bson.D{bson.E{Key:"status", Value:1}}, PartialFilterExpression:bson.D(nil)}
2026-06-30T06:04:28.606+0000	2270008 document(s) restored successfully. 0 document(s) failed to restore.
=== Clearing Redis ===
OK
=== Stopping any running jac server ===
=== E2E Timing (10 trials per walker, server restarted each trial) ===
prefetch_limit=0  user=sim_user_3

--- Walker: load_feed ---
    Waiting for server...
  Trial 1: 4168.178ms  HTTP=200  resp=11492823bytes
    breakdown: topo=0.000ms ttg=0.000ms prefetch=0.000ms walker=2721.810ms
    hit rate: L1=97.6%  L1=10206 L2=0 L3=253 MISS=0
    Waiting for server...
  Trial 2: 4186.323ms  HTTP=200  resp=11492823bytes
    breakdown: topo=0.000ms ttg=0.000ms prefetch=0.000ms walker=2726.443ms
    hit rate: L1=97.6%  L1=10206 L2=0 L3=253 MISS=0
    Waiting for server...
  Trial 3: 4137.483ms  HTTP=200  resp=11492823bytes
    breakdown: topo=0.000ms ttg=0.000ms prefetch=0.000ms walker=2701.389ms
    hit rate: L1=97.6%  L1=10206 L2=0 L3=253 MISS=0

=== Done ===
Server logs: logs/
========================================
Testing: prefetch_limit=1000000
========================================
=== Restarting docker compose ===
 Container mongodb Stopping 
 Container redis Stopping 
 Container mongodb Stopped 
 Container mongodb Removing 
 Container mongodb Removed 
 Container redis Stopped 
 Container redis Removing 
 Container redis Removed 
 Network littlex5_default Removing 
 Network littlex5_default Removed 
 Network littlex5_default Creating 
 Network littlex5_default Created 
 Container redis Creating 
 Container mongodb Creating 
 Container redis Created 
 Container mongodb Created 
 Container mongodb Starting 
 Container redis Starting 
 Container mongodb Started 
 Container redis Started 
=== Restoring MongoDB from dump ===
2026-06-30T06:05:45.290+0000	index: &idx.IndexDocument{Options:bson.M{"name":"identities.value_normalized_1", "sparse":true, "unique":true, "v":2}, Key:bson.D{bson.E{Key:"identities.value_normalized", Value:1}}, PartialFilterExpression:bson.D(nil)}
2026-06-30T06:05:45.290+0000	no indexes to restore for collection jac_db._migrations
2026-06-30T06:05:49.785+0000	2270008 document(s) restored successfully. 0 document(s) failed to restore.
=== Clearing Redis ===
OK
=== Stopping any running jac server ===
=== E2E Timing (10 trials per walker, server restarted each trial) ===
prefetch_limit=1000000  user=sim_user_3

--- Walker: load_feed ---
    Waiting for server...
  Trial 1: 3179.782ms  HTTP=200  resp=11492823bytes
    breakdown: topo=2.763ms ttg=231.766ms prefetch=233.919ms walker=1267.049ms
    hit rate: L1=100.0%  L1=10507 L2=0 L3=2 MISS=0
    Waiting for server...
  Trial 2: 3199.370ms  HTTP=200  resp=11492823bytes
    breakdown: topo=2.617ms ttg=225.080ms prefetch=219.371ms walker=1276.309ms
    hit rate: L1=100.0%  L1=10507 L2=0 L3=2 MISS=0
    Waiting for server...
  Trial 3: 3154.571ms  HTTP=200  resp=11492823bytes
    breakdown: topo=3.406ms ttg=226.117ms prefetch=207.328ms walker=1258.006ms
    hit rate: L1=100.0%  L1=10507 L2=0 L3=2 MISS=0

=== Done ===
Server logs: logs/

========================================
Sweep complete!
Results saved to: sweep_prefetch_limit.csv
========================================
walker,prefetch_limit,trial,e2e_ms,topo_idx_ms,ttg_ms,prefetch_ms,walker_ms,l1_hit_rate,l1,l2,l3,miss
load_feed,0,1,4168.178,0.000,0.000,0.000,2721.810,97.6,10206,0,253,0
load_feed,0,2,4186.323,0.000,0.000,0.000,2726.443,97.6,10206,0,253,0
load_feed,0,3,4137.483,0.000,0.000,0.000,2701.389,97.6,10206,0,253,0
load_feed,1000000,1,3179.782,2.763,231.766,233.919,1267.049,100.0,10507,0,2,0
load_feed,1000000,2,3199.370,2.617,225.080,219.371,1276.309,100.0,10507,0,2,0
load_feed,1000000,3,3154.571,3.406,226.117,207.328,1258.006,100.0,10507,0,2,0
